// Jest Snapshot v1, https://goo.gl/fbAQLP

exports[`App tests Link renders correctly 1`] = `
<div
  className="gen-input-group"
>
  <input
    className="gen-form-input"
    id="fullName"
    onChange={[Function]}
    required={true}
    type="text"
  />
  <label
    className="user-label"
    htmlFor="fullName"
  >
    Full Name
  </label>
</div>
`;
